<!DOCTYPE html>
<html lang="en">
    <head>
        <meta charset="UTF-8" />
        <meta name="viewport" content="width=device-width, initial-scale=1.0" />
        <title>non-existing</title>
        <style>
            * {
                margin: 0;
                padding: 0;
                box-sizing: border-box;
            }

            body {
                font-family: sans-serif;
                display: flex;
                justify-content: center;
                align-items: center;
                min-height: 100vh;
                padding-block: 50px;
            }

            main {
                max-width: 600px;
                width: 90%;
                border-radius: 5px;
                background-color: beige;
                box-shadow: 0 0 5px 1px #00000066;
                padding: 50px;
                display: flex;
                flex-direction: column;
                gap: 20px;
            }

            h1, h3 {
                text-align: center;
            }

            ul {
                border-top: 1px dashed #00000033;
                padding: 20px
            }
        </style>
    </head>
    <body>
        <main>
            <h1>404 - Arc Not Found</h1>
            <p>The arc "non-existing" doesnt exists. <a href="/">Go back to intro arc</a></p>
        </main>
    </body>
</html>