<!DOCTYPE html>
<html lang="en">
    <head>
        <meta charset="UTF-8" />
        <meta name="viewport" content="width=device-width, initial-scale=1.0" />
        <title>test</title>
    </head>
    <body>
        <main>
            <h1>test</h1>
            
            <p>this is a</p>
            
            <p>test story</p>
            
            <ul>
                
                <li><a href="/arc1">opt 1</a></li>
                
                <li><a href="/arc2">opt 2</a></li>
                
            </ul>
        </main>
    </body>
</html>