<!DOCTYPE html>
<html lang="en">
    <head>
        <meta charset="UTF-8" />
        <meta name="viewport" content="width=device-width, initial-scale=1.0" />
        <title>test</title>
        <style>
            * {
                margin: 0;
                padding: 0;
                box-sizing: border-box;
            }

            body {
                font-family: sans-serif;
                display: flex;
                justify-content: center;
                align-items: center;
                min-height: 100vh;
                padding-block: 50px;
            }

            main {
                max-width: 600px;
                width: 90%;
                border-radius: 5px;
                background-color: beige;
                box-shadow: 0 0 5px 1px #00000066;
                padding: 50px;
                display: flex;
                flex-direction: column;
                gap: 20px;
            }

            h1, h3 {
                text-align: center;
            }

            ul {
                border-top: 1px dashed #00000033;
                padding: 20px
            }
        </style>
    </head>
    <body>
        <main>
            <h1>test</h1>
            
            <p>this is a</p>
            
            <p>test story</p>
            
            <ul>
                
                <li><a href="/arc-1">opt 1</a></li>
                
                <li><a href="/arc-2">opt 2</a></li>
                
            </ul>
            
        </main>
    </body>
</html>